Decoding native/GLBX-20260907-NWS3PA9QPX/glbx-mdp3-20250519.mbo.dbn.zst
Decoding native/GLBX-20260907-NWS3PA9QPX/glbx-mdp3-20250520.mbo.dbn.zst
Decoding native/GLBX-20260907-NWS3PA9QPX/glbx-mdp3-20250521.mbo.dbn.zst
Decoding native/GLBX-20260907-NWS3PA9QPX/glbx-mdp3-20250522.mbo.dbn.zst
Decoding native/GLBX-20260907-NWS3PA9QPX/glbx-mdp3-20250523.mbo.dbn.zst
Decoding native/GLBX-20260907-NWS3PA9QPX/glbx-mdp3-20250525.mbo.dbn.zst
Decoding native/GLBX-20260907-NWS3PA9QPX/glbx-mdp3-20250526.mbo.dbn.zst
Decoding native/GLBX-20260907-NWS3PA9QPX/glbx-mdp3-20250527.mbo.dbn.zst
Decoding native/GLBX-20260907-NWS3PA9QPX/glbx-mdp3-20250528.mbo.dbn.zst
Decoding native/GLBX-20260907-NWS3PA9QPX/glbx-mdp3-20250529.mbo.dbn.zst
Decoding native/GLBX-20260907-NWS3PA9QPX/glbx-mdp3-20250530.mbo.dbn.zst
{
  "comparison_count": 8274,
  "measurement_status": "MEASURED_WITH_EXCLUSIONS"
}
	Command being timed: "/root/Silver-Bullet-ML-BMAD/.venv/bin/python tools/valentini_native_audit.py --source-root /root/Silver-Bullet-ML-BMAD/data/yank/databento-pilot-20260907 --reconstruction /root/Silver-Bullet-ML-BMAD-yank-minute/data/yank/native-minute-reviewed-a --calendar docs/valentini-native/calendar-2025-05.json --output-dir _bmad-output/valentini-native-20260914/run-final"
	User time (seconds): 64.72
	System time (seconds): 7.38
	Percent of CPU this job got: 92%
	Elapsed (wall clock) time (h:mm:ss or m:ss): 1:17.83
	Average shared text size (kbytes): 0
	Average unshared data size (kbytes): 0
	Average stack size (kbytes): 0
	Average total size (kbytes): 0
	Maximum resident set size (kbytes): 332644
	Average resident set size (kbytes): 0
	Major (requiring I/O) page faults: 0
	Minor (reclaiming a frame) page faults: 107277
	Voluntary context switches: 11773
	Involuntary context switches: 851
	Swaps: 0
	File system inputs: 14186768
	File system outputs: 18928
	Socket messages sent: 0
	Socket messages received: 0
	Signals delivered: 0
	Page size (bytes): 4096
	Exit status: 0
